src/App.tsx(4,24): error TS6133: 'AppIconName' is declared but its value is never read.
src/App.tsx(57,8): error TS6133: 'CircuitTypeValue' is declared but its value is never read.
src/App.tsx(58,8): error TS6133: 'DeviceKind' is declared but its value is never read.
src/App.tsx(59,8): error TS6133: 'PhaseAssignment' is declared but its value is never read.
src/App.tsx(75,47): error TS2304: Cannot find name 'HIDDEN_PALETTE_TEMPLATE_IDS_STORAGE_KEY'.
src/App.tsx(92,11): error TS2552: Cannot find name 'buildPaletteTemplateMap'. Did you mean 'paletteTemplateMap'?
src/App.tsx(99,37): error TS2304: Cannot find name 'SYMBOLS_STORAGE_KEY'.
src/App.tsx(100,37): error TS2304: Cannot find name 'LEGACY_SYMBOLS_STORAGE_KEY'.
src/App.tsx(102,28): error TS2304: Cannot find name 'normalizePaletteAssetDimensions'.
src/App.tsx(114,12): error TS2304: Cannot find name 'createDemoSymbols'.
src/App.tsx(121,50): error TS2304: Cannot find name 'SheetType'.
src/App.tsx(125,13): error TS2304: Cannot find name 'DEFAULT_DIN_RAIL_CONFIG'.
src/App.tsx(131,56): error TS2304: Cannot find name 'RightTab'.
src/App.tsx(155,41): error TS2304: Cannot find name 'SymbolHistorySnapshot'.
src/App.tsx(178,33): error TS2304: Cannot find name 'SYMBOLS_STORAGE_KEY'.
src/App.tsx(182,26): error TS2304: Cannot find name 'normalizePaletteAssetDimensions'.
src/App.tsx(191,7): error TS2304: Cannot find name 'HIDDEN_PALETTE_TEMPLATE_IDS_STORAGE_KEY'.
src/App.tsx(220,16): error TS2304: Cannot find name 'SymbolHistorySnapshot'.
src/App.tsx(221,18): error TS2304: Cannot find name 'cloneSymbolsSnapshot'.
src/App.tsx(234,15): error TS2304: Cannot find name 'SymbolHistorySnapshot'.
src/App.tsx(235,14): error TS2304: Cannot find name 'SymbolHistorySnapshot'.
src/App.tsx(238,11): error TS2304: Cannot find name 'areSymbolSnapshotsEqual'.
src/App.tsx(243,18): error TS2304: Cannot find name 'cloneSymbolsSnapshot'.
src/App.tsx(248,18): error TS2304: Cannot find name 'cloneSymbolsSnapshot'.
src/App.tsx(289,11): error TS2304: Cannot find name 'isEditableShortcutTarget'.
src/App.tsx(326,15): error TS2304: Cannot find name 'DEFAULT_DIN_RAIL_CONFIG'.
src/App.tsx(372,18): error TS2304: Cannot find name 'cloneSymbolsSnapshot'.
src/App.tsx(388,54): error TS7006: Parameter 'symbol' implicitly has an 'any' type.
src/App.tsx(395,53): error TS7006: Parameter 'symbol' implicitly has an 'any' type.
src/App.tsx(397,60): error TS7006: Parameter 'symbol' implicitly has an 'any' type.
src/App.tsx(398,20): error TS2304: Cannot find name 'snapDraggedGroupToNeighborModules'.
src/App.tsx(413,51): error TS7006: Parameter 'item' implicitly has an 'any' type.
src/App.tsx(437,25): error TS2304: Cannot find name 'cloneSymbolsSnapshot'.
src/App.tsx(438,48): error TS7006: Parameter 'symbol' implicitly has an 'any' type.
src/App.tsx(445,28): error TS2304: Cannot find name 'findDinRailSnapTarget'.
src/App.tsx(446,31): error TS7006: Parameter 'symbol' implicitly has an 'any' type.
src/App.tsx(453,34): error TS2304: Cannot find name 'canAutoJoinExistingGroup'.
src/App.tsx(456,11): error TS2304: Cannot find name 'applyInheritedRcdInfo'.
src/App.tsx(460,33): error TS2304: Cannot find name 'normalizeDinRailModuleOrdering'.
src/App.tsx(461,51): error TS7006: Parameter 'symbol' implicitly has an 'any' type.
src/App.tsx(701,11): error TS2304: Cannot find name 'isEditableShortcutTarget'.
src/App.tsx(736,18): error TS2304: Cannot find name 'normalizePaletteAssetDimensions'.
src/App.tsx(741,17): error TS2304: Cannot find name 'DEFAULT_DIN_RAIL_CONFIG'.
src/App.tsx(873,31): error TS2304: Cannot find name 'getReferencePrefix'.
src/App.tsx(874,36): error TS2304: Cannot find name 'getNextReferenceDesignation'.
src/App.tsx(925,28): error TS2304: Cannot find name 'findDinRailSnapTarget'.
src/App.tsx(932,37): error TS2304: Cannot find name 'shouldExcludeFromAutoGrouping'.
src/App.tsx(969,34): error TS2304: Cannot find name 'isGroupHeadSymbol'.
src/App.tsx(970,31): error TS2304: Cannot find name 'isGroupHeadSymbol'.
src/App.tsx(971,42): error TS2304: Cannot find name 'isDistributionSymbol'.
src/App.tsx(972,39): error TS2304: Cannot find name 'isDistributionSymbol'.
src/App.tsx(976,33): error TS2304: Cannot find name 'getNextGroupName'.
src/App.tsx(1005,29): error TS2304: Cannot find name 'getNextGroupName'.
src/App.tsx(1011,23): error TS2304: Cannot find name 'normalizeDinRailModuleOrdering'.
src/App.tsx(1604,47): error TS2304: Cannot find name 'createPaletteDragPreview'.
src/App.tsx(1638,44): error TS2304: Cannot find name 'getPaletteIconName'.
src/App.tsx(1643,71): error TS2304: Cannot find name 'getPaletteDescription'.
src/App.tsx(1716,30): error TS2304: Cannot find name 'createDemoSymbols'.
src/components/DinRailCanvasPixi.tsx(1061,9): error TS6133: 'snapBandStyle' is declared but its value is never read.
src/components/DinRailCanvasPixi.tsx(1062,9): error TS6133: 'snapSelectionStyle' is declared but its value is never read.
src/lib/appHelpers.ts(1,10): error TS2440: Import declaration conflicts with local declaration of 'PaletteTemplate'.
src/lib/appHelpers.ts(1,27): error TS2724: '"./modules/moduleCatalog"' has no exported member named 'PaletteTemplateMap'. Did you mean 'PaletteTemplate'?
src/lib/appHelpers.ts(1,27): error TS6133: 'PaletteTemplateMap' is declared but its value is never read.
src/lib/appHelpers.ts(4,1): error TS6133: 'snapModulePlacementToDinRail' is declared but its value is never read.
src/lib/appHelpers.ts(5,1): error TS6192: All imports in import declaration are unused.
src/lib/appHelpers.ts(143,10): error TS2304: Cannot find name 'PhaseAssignment'.
src/lib/appHelpers.ts(151,17): error TS2304: Cannot find name 'CircuitTypeValue'.
src/lib/appHelpers.ts(161,7): error TS6133: 'DEFAULT_DIN_RAIL_CONFIG' is declared but its value is never read.
src/lib/appHelpers.ts(161,32): error TS2304: Cannot find name 'DinRailConfig'.
src/lib/appHelpers.ts(162,7): error TS6133: 'HIDDEN_PALETTE_TEMPLATE_IDS_STORAGE_KEY' is declared but its value is never read.
src/lib/appHelpers.ts(194,24): error TS2304: Cannot find name 'getPaletteTemplateDimensions'.
src/lib/appHelpers.ts(328,7): error TS6133: 'SYMBOLS_STORAGE_KEY' is declared but its value is never read.
src/lib/appHelpers.ts(329,7): error TS6133: 'LEGACY_SYMBOLS_STORAGE_KEY' is declared but its value is never read.
